../Core/Src/main.c:86:5:main	16	static
../Core/Src/main.c:149:6:SystemClock_Config	96	static
../Core/Src/main.c:200:13:MX_DFSDM1_Init	8	static
../Core/Src/main.c:253:13:MX_I2C1_Init	8	static
../Core/Src/main.c:301:13:MX_SAI1_Init	8	static
../Core/Src/main.c:337:13:MX_USART2_UART_Init	8	static
../Core/Src/main.c:370:13:MX_DMA_Init	16	static
../Core/Src/main.c:392:13:MX_GPIO_Init	48	static
../Core/Src/main.c:431:13:Fill_Audio_Buffer	24	static
../Core/Src/main.c:445:6:HAL_SAI_TxHalfCpltCallback	16	static
../Core/Src/main.c:453:6:HAL_SAI_TxCpltCallback	16	static
../Core/Src/main.c:466:6:Error_Handler	4	static,ignoring_inline_asm
