../Core/Src/main.c:86:5:main	16	static
../Core/Src/main.c:148:6:SystemClock_Config	96	static
../Core/Src/main.c:199:13:MX_DFSDM1_Init	8	static
../Core/Src/main.c:252:13:MX_I2C1_Init	8	static
../Core/Src/main.c:300:13:MX_SAI1_Init	8	static
../Core/Src/main.c:336:13:MX_USART2_UART_Init	8	static
../Core/Src/main.c:369:13:MX_DMA_Init	16	static
../Core/Src/main.c:391:13:MX_GPIO_Init	48	static
../Core/Src/main.c:430:13:Fill_Audio_Buffer	24	static
../Core/Src/main.c:444:6:HAL_SAI_TxHalfCpltCallback	16	static
../Core/Src/main.c:452:6:HAL_SAI_TxCpltCallback	16	static
../Core/Src/main.c:465:6:Error_Handler	4	static,ignoring_inline_asm
